[LOG] System::create                           : Header version = 2.02.33. Current version = 2.02.33.
[LOG] SystemI::setOutputInternal               : Setting output to 'FMOD Core Audio Output'
[LOG] Manager::init                            : maxchannels = 256 studioflags = 00000006 flags 00000000 extradriverdata 0x0.
[LOG] SystemI::init                            : Initialize version=20233 (160335), maxchannels=256, flags=0x00020000
[LOG] OutputCoreAudio::init                    : Output running 2 channels at 48000Hz sample rate.
[LOG] OutputCoreAudio::init                    : Maximum hardware read size: 512 samples, Software buffer size: 512 samples, Number of software buffers: 4.
[LOG] Thread::initThread                       : Init FMOD stream thread. Affinity: 0x4000000000000003, Priority: 0xFFFF7FFB, Stack Size: 98304, Semaphore: No, Sleep Time: 10, Looping: Yes.
[LOG] Thread::initThread                       : Init FMOD mixer thread. Affinity: 0x4000000000000001, Priority: 0xFFFF7FFA, Stack Size: 81920, Semaphore: Yes, Sleep Time: 0, Looping: Yes.
[LOG] AsyncManager::init                       : manager 0x13e17d808 isAsync 0 updatePeriod 0.02
[LOG] AsyncManager::init                       : done
[LOG] PlaybackSystem::init                     : 
[LOG] Thread::initThread                       : Init FMOD Studio sample load thread. Affinity: 0x4000000000000003, Priority: 0xFFFF7FFD, Stack Size: 98304, Semaphore: No, Sleep Time: 1, Looping: No.
[LOG] PlaybackSystem::init                     : done
[LOG] Thread::initThread                       : Init FMOD Studio bank load thread. Affinity: 0x4000000000000003, Priority: 0xFFFF7FFD, Stack Size: 98304, Semaphore: No, Sleep Time: 1, Looping: No.
[LOG] Manager::init                            : done.
[LOG] Manager::readBank                        : fileversion = 142, compatVersion = 140 (oldest = 44, newest = 142)
[LOG] Manager::readBank                        : fileversion = 142, compatVersion = 140 (oldest = 44, newest = 142)
[LOG] PlaybackSystem::acquireMasterBus         : Setting master channel group format to 6
[LOG] Manager::readBank                        : fileversion = 142, compatVersion = 140 (oldest = 44, newest = 142)
[LOG] Manager::readBank                        : fileversion = 142, compatVersion = 140 (oldest = 44, newest = 142)
[LOG] Manager::receiveLiveUpdateBank           : Received live update bank path: fmod:///remote//Users/alanhankers/Library/Application Support/FMOD Studio/UnsavedProjects/Hotswap-wGtzVe/hotswap_30.bank
[LOG] ProfileRemoteFile::fileOpen              : Attemping to open remote file '/Users/alanhankers/Library/Application Support/FMOD Studio/UnsavedProjects/Hotswap-wGtzVe/hotswap_30.bank'
[LOG] Manager::readBank                        : fileversion = 142, compatVersion = 140 (oldest = 44, newest = 142)
[LOG] SystemI::createSound                     : filename = ../../../../Desktop/Alien Siege_FMOD_V2/Build/Desktop/Sound Design.bank : mode 02010082
[LOG] SystemI::createSound                     : FMOD_NONBLOCKING specified.  Putting into queue to be opened asynchronously!
[LOG] AsyncThread::add                         : add sound to async queue : soundi = 0x37d7dd4d8, queue head = 0x333f96798, queue count = 0
[LOG] AsyncThread::threadFunc                  : Starting Asynchronous operation on sound 0x37d7dd4d8
[LOG] SystemI::createSoundInternal             :     Create name='../../../../Desktop/Alien Siege_FMOD_V2/Build/Desktop/Sound Design.bank', mode=0x02010082
[LOG] SystemI::createSoundInternal             :     exinfo->cbsize             = 224
[LOG] SystemI::createSoundInternal             :     exinfo->length             = 3084512
[LOG] SystemI::createSoundInternal             :     exinfo->fileoffset         = 45312
[LOG] SystemI::createSoundInternal             :     exinfo->numsubsounds       = 1
[LOG] SystemI::createSoundInternal             :     exinfo->inclusionlist      = 0x37d7ec520
[LOG] SystemI::createSoundInternal             :     exinfo->inclusionlistnum   = 1
[LOG] SystemI::createSoundInternal             :     exinfo->suggestedsoundtype = 5
[LOG] SystemI::createSoundInternal             :     exinfo->initialseekpostype = 1
[LOG] SystemI::createSoundInternal             :     Stream 0/1: name='Mega Laser', format=5, channels=2, frequency=48000, lengthbytes=331040, lengthpcm=1335397, pcmblocksize=0, loopstart=0, loopend=0, mode=0x00000000, channelmask=0x00000000, channelorder=0, peakvolume=0.046906.
[LOG] AsyncThread::threadFunc                  : Finished Asynchronous operation on sound 0x37d7dd4d8
[LOG] AsyncThread::add                         : add sound to async queue : soundi = 0x2d91b3f38, queue head = 0x333f96798, queue count = 0
[LOG] AsyncThread::threadFunc                  : Starting Asynchronous operation on sound 0x2d91b3f38
[LOG] AsyncThread::threadFunc                  : Finished Asynchronous operation on sound 0x2d91b3f38
[LOG] SystemI::createSound                     : filename = ../../../../Desktop/Alien Siege_FMOD_V2/Build/Desktop/Sound Design.bank : mode 02010082
[LOG] SystemI::createSound                     : FMOD_NONBLOCKING specified.  Putting into queue to be opened asynchronously!
[LOG] AsyncThread::add                         : add sound to async queue : soundi = 0x2d9136038, queue head = 0x333f96798, queue count = 0
[LOG] AsyncThread::threadFunc                  : Starting Asynchronous operation on sound 0x2d9136038
[LOG] SystemI::createSoundInternal             :     Create name='../../../../Desktop/Alien Siege_FMOD_V2/Build/Desktop/Sound Design.bank', mode=0x02010082
[LOG] SystemI::createSoundInternal             :     exinfo->cbsize             = 224
[LOG] SystemI::createSoundInternal             :     exinfo->length             = 3084512
[LOG] SystemI::createSoundInternal             :     exinfo->fileoffset         = 45312
[LOG] SystemI::createSoundInternal             :     exinfo->numsubsounds       = 1
[LOG] SystemI::createSoundInternal             :     exinfo->inclusionlist      = 0x2d9136300
[LOG] SystemI::createSoundInternal             :     exinfo->inclusionlistnum   = 1
[LOG] SystemI::createSoundInternal             :     exinfo->suggestedsoundtype = 5
[LOG] SystemI::createSoundInternal             :     exinfo->initialseekpostype = 1
[LOG] SystemI::createSoundInternal             :     Stream 0/1: name='Fire 1', format=5, channels=2, frequency=48000, lengthbytes=157888, lengthpcm=696000, pcmblocksize=0, loopstart=0, loopend=0, mode=0x00000000, channelmask=0x00000000, channelorder=0, peakvolume=0.315216.
[LOG] AsyncThread::threadFunc                  : Finished Asynchronous operation on sound 0x2d9136038
[LOG] AsyncThread::add                         : add sound to async queue : soundi = 0x37d7c8f78, queue head = 0x333f96798, queue count = 0
[LOG] AsyncThread::threadFunc                  : Starting Asynchronous operation on sound 0x37d7c8f78
[LOG] AsyncThread::threadFunc                  : Finished Asynchronous operation on sound 0x37d7c8f78
[LOG] SystemI::createSound                     : filename = ../../../../Desktop/Alien Siege_FMOD_V2/Build/Desktop/Sound Design.bank : mode 02010082
[LOG] SystemI::createSound                     : FMOD_NONBLOCKING specified.  Putting into queue to be opened asynchronously!
[LOG] AsyncThread::add                         : add sound to async queue : soundi = 0x37e39e9c8, queue head = 0x333f96798, queue count = 0
[LOG] AsyncThread::threadFunc                  : Starting Asynchronous operation on sound 0x37e39e9c8
[LOG] SystemI::createSoundInternal             :     Create name='../../../../Desktop/Alien Siege_FMOD_V2/Build/Desktop/Sound Design.bank', mode=0x02010082
[LOG] SystemI::createSoundInternal             :     exinfo->cbsize             = 224
[LOG] SystemI::createSoundInternal             :     exinfo->length             = 3084512
[LOG] SystemI::createSoundInternal             :     exinfo->fileoffset         = 45312
[LOG] SystemI::createSoundInternal             :     exinfo->numsubsounds       = 1
[LOG] SystemI::createSoundInternal             :     exinfo->inclusionlist      = 0x37e392fa0
[LOG] SystemI::createSoundInternal             :     exinfo->inclusionlistnum   = 1
[LOG] SystemI::createSoundInternal             :     exinfo->suggestedsoundtype = 5
[LOG] SystemI::createSoundInternal             :     exinfo->initialseekpostype = 1
[LOG] SystemI::createSoundInternal             :     Stream 0/1: name='Fire 1', format=5, channels=2, frequency=48000, lengthbytes=157888, lengthpcm=696000, pcmblocksize=0, loopstart=0, loopend=0, mode=0x00000000, channelmask=0x00000000, channelorder=0, peakvolume=0.315216.
[LOG] AsyncThread::threadFunc                  : Finished Asynchronous operation on sound 0x37e39e9c8
[LOG] AsyncThread::add                         : add sound to async queue : soundi = 0x2d9134c68, queue head = 0x333f96798, queue count = 0
[LOG] AsyncThread::threadFunc                  : Starting Asynchronous operation on sound 0x2d9134c68
[LOG] AsyncThread::threadFunc                  : Finished Asynchronous operation on sound 0x2d9134c68
[LOG] SystemI::createSoundInternal             : Create name='fmod:///remote//Users/alanhankers/Desktop/Alien Siege_FMOD_V2/Assets/Weapons/City Missiles/City Missile Launch_Blast.wav', mode=0x0200C202
[LOG] SystemI::createSoundInternal             : exinfo->cbsize             = 224
[LOG] SystemI::createSoundInternal             : exinfo->initialseekpostype = 1
[LOG] ProfileRemoteFile::fileOpen              : Attemping to open remote file '/Users/alanhankers/Desktop/Alien Siege_FMOD_V2/Assets/Weapons/City Missiles/City Missile Launch_Blast.wav'
[LOG] SystemI::createSoundInternal             : Sample 0/0: name='(null)', format=2, channels=2, frequency=44100, lengthbytes=335756, lengthpcm=83939, pcmblocksize=0, loopstart=0, loopend=0, mode=0x00000000, channelmask=0x00000000, channelorder=0, peakvolume=0.000000.
[LOG] SystemI::createSoundInternal             : Create name='fmod:///remote//Users/alanhankers/Desktop/Alien Siege_FMOD_V2/Assets/Weapons/City Missiles/City Missile Launch_Shell.wav', mode=0x0200C202
[LOG] SystemI::createSoundInternal             : exinfo->cbsize             = 224
[LOG] SystemI::createSoundInternal             : exinfo->initialseekpostype = 1
[LOG] ProfileRemoteFile::fileOpen              : Attemping to open remote file '/Users/alanhankers/Desktop/Alien Siege_FMOD_V2/Assets/Weapons/City Missiles/City Missile Launch_Shell.wav'
[LOG] SystemI::createSoundInternal             : Sample 0/0: name='(null)', format=2, channels=2, frequency=44100, lengthbytes=335756, lengthpcm=83939, pcmblocksize=0, loopstart=0, loopend=0, mode=0x00000000, channelmask=0x00000000, channelorder=0, peakvolume=0.000000.
[LOG] SystemI::createSoundInternal             : Create name='fmod:///remote//Users/alanhankers/Desktop/Alien Siege_FMOD_V2/Assets/Destruction/Deflected Missile Explosion/Deflected Missile Explosion 2.wav', mode=0x0200C202
[LOG] SystemI::createSoundInternal             : exinfo->cbsize             = 224
[LOG] SystemI::createSoundInternal             : exinfo->initialseekpostype = 1
[LOG] ProfileRemoteFile::fileOpen              : Attemping to open remote file '/Users/alanhankers/Desktop/Alien Siege_FMOD_V2/Assets/Destruction/Deflected Missile Explosion/Deflected Missile Explosion 2.wav'
[LOG] SystemI::createSoundInternal             : Sample 0/0: name='(null)', format=2, channels=2, frequency=44100, lengthbytes=485100, lengthpcm=121275, pcmblocksize=0, loopstart=0, loopend=0, mode=0x00000000, channelmask=0x00000000, channelorder=0, peakvolume=0.000000.
[LOG] SystemI::createSoundInternal             : Create name='fmod:///remote//Users/alanhankers/Desktop/Alien Siege_FMOD_V2/Assets/Destruction/Deflected Missile Explosion/Deflected Missile Explosion 4.wav', mode=0x0200C202
[LOG] SystemI::createSoundInternal             : exinfo->cbsize             = 224
[LOG] SystemI::createSoundInternal             : exinfo->initialseekpostype = 1
[LOG] ProfileRemoteFile::fileOpen              : Attemping to open remote file '/Users/alanhankers/Desktop/Alien Siege_FMOD_V2/Assets/Destruction/Deflected Missile Explosion/Deflected Missile Explosion 4.wav'
[LOG] SystemI::createSoundInternal             : Sample 0/0: name='(null)', format=2, channels=2, frequency=44100, lengthbytes=529200, lengthpcm=132300, pcmblocksize=0, loopstart=0, loopend=0, mode=0x00000000, channelmask=0x00000000, channelorder=0, peakvolume=0.000000.
[LOG] SystemI::createSoundInternal             : Create name='fmod:///remote//Users/alanhankers/Desktop/Alien Siege_FMOD_V2/Assets/Destruction/Deflected Missile Explosion/Deflected Missile Explosion 1.wav', mode=0x0200C202
[LOG] SystemI::createSoundInternal             : exinfo->cbsize             = 224
[LOG] SystemI::createSoundInternal             : exinfo->initialseekpostype = 1
[LOG] ProfileRemoteFile::fileOpen              : Attemping to open remote file '/Users/alanhankers/Desktop/Alien Siege_FMOD_V2/Assets/Destruction/Deflected Missile Explosion/Deflected Missile Explosion 1.wav'
[LOG] SystemI::createSoundInternal             : Sample 0/0: name='(null)', format=2, channels=2, frequency=44100, lengthbytes=441000, lengthpcm=110250, pcmblocksize=0, loopstart=0, loopend=0, mode=0x00000000, channelmask=0x00000000, channelorder=0, peakvolume=0.000000.
[LOG] SystemI::createSoundInternal             : Create name='fmod:///remote//Users/alanhankers/Desktop/Alien Siege_FMOD_V2/Assets/Destruction/Deflected Missile Explosion/Deflected Missile Explosion 3.wav', mode=0x0200C202
[LOG] SystemI::createSoundInternal             : exinfo->cbsize             = 224
[LOG] SystemI::createSoundInternal             : exinfo->initialseekpostype = 1
[LOG] ProfileRemoteFile::fileOpen              : Attemping to open remote file '/Users/alanhankers/Desktop/Alien Siege_FMOD_V2/Assets/Destruction/Deflected Missile Explosion/Deflected Missile Explosion 3.wav'
[LOG] SystemI::createSoundInternal             : Sample 0/0: name='(null)', format=2, channels=2, frequency=44100, lengthbytes=529200, lengthpcm=132300, pcmblocksize=0, loopstart=0, loopend=0, mode=0x00000000, channelmask=0x00000000, channelorder=0, peakvolume=0.000000.
[LOG] SystemI::createSound                     : filename = ../../../../Desktop/Alien Siege_FMOD_V2/Build/Desktop/Sound Design.bank : mode 02010082
[LOG] SystemI::createSound                     : FMOD_NONBLOCKING specified.  Putting into queue to be opened asynchronously!
[LOG] AsyncThread::add                         : add sound to async queue : soundi = 0x3872f77e8, queue head = 0x333f96798, queue count = 0
[LOG] SystemI::createSound                     : filename = ../../../../Desktop/Alien Siege_FMOD_V2/Build/Desktop/Sound Design.bank : mode 02010082
[LOG] SystemI::createSound                     : FMOD_NONBLOCKING specified.  Putting into queue to be opened asynchronously!
[LOG] AsyncThread::add                         : add sound to async queue : soundi = 0x3872f55f8, queue head = 0x333f96798, queue count = 1
[LOG] AsyncThread::threadFunc                  : Starting Asynchronous operation on sound 0x3872f77e8
[LOG] SystemI::createSoundInternal             :     Create name='../../../../Desktop/Alien Siege_FMOD_V2/Build/Desktop/Sound Design.bank', mode=0x02010082
[LOG] SystemI::createSoundInternal             :     exinfo->cbsize             = 224
[LOG] SystemI::createSoundInternal             :     exinfo->length             = 3084512
[LOG] SystemI::createSoundInternal             :     exinfo->fileoffset         = 45312
[LOG] SystemI::createSoundInternal             :     exinfo->numsubsounds       = 1
[LOG] SystemI::createSoundInternal             :     exinfo->inclusionlist      = 0x387286ea0
[LOG] SystemI::createSoundInternal             :     exinfo->inclusionlistnum   = 1
[LOG] SystemI::createSoundInternal             :     exinfo->suggestedsoundtype = 5
[LOG] SystemI::createSoundInternal             :     exinfo->initialseekposition = 750
[LOG] SystemI::createSoundInternal             :     exinfo->initialseekpostype = 1
[LOG] SystemI::createSoundInternal             :     Stream 0/1: name='City Missile Flight_Dirt', format=5, channels=2, frequency=48000, lengthbytes=114048, lengthpcm=576000, pcmblocksize=0, loopstart=0, loopend=0, mode=0x00000000, channelmask=0x00000000, channelorder=0, peakvolume=0.570984.
[LOG] AsyncThread::threadFunc                  : Finished Asynchronous operation on sound 0x3872f77e8
[LOG] AsyncThread::threadFunc                  : Starting Asynchronous operation on sound 0x3872f55f8
[LOG] SystemI::createSoundInternal             :     Create name='../../../../Desktop/Alien Siege_FMOD_V2/Build/Desktop/Sound Design.bank', mode=0x02010082
[LOG] SystemI::createSoundInternal             :     exinfo->cbsize             = 224
[LOG] SystemI::createSoundInternal             :     exinfo->length             = 3084512
[LOG] SystemI::createSoundInternal             :     exinfo->fileoffset         = 45312
[LOG] SystemI::createSoundInternal             :     exinfo->numsubsounds       = 1
[LOG] SystemI::createSoundInternal             :     exinfo->inclusionlist      = 0x387280900
[LOG] SystemI::createSoundInternal             :     exinfo->inclusionlistnum   = 1
[LOG] SystemI::createSoundInternal             :     exinfo->suggestedsoundtype = 5
[LOG] SystemI::createSoundInternal             :     exinfo->initialseekpostype = 1
[LOG] SystemI::createSoundInternal             :     Stream 0/1: name='City Missile Flight_Rumble', format=5, channels=2, frequency=48000, lengthbytes=115168, lengthpcm=576000, pcmblocksize=0, loopstart=0, loopend=0, mode=0x00000000, channelmask=0x00000000, channelorder=0, peakvolume=0.551636.
[LOG] AsyncThread::threadFunc                  : Finished Asynchronous operation on sound 0x3872f55f8
[LOG] SystemI::createSound                     : filename = ../../../../Desktop/Alien Siege_FMOD_V2/Build/Desktop/Music.bank : mode 02010082
[LOG] SystemI::createSound                     : FMOD_NONBLOCKING specified.  Putting into queue to be opened asynchronously!
[LOG] AsyncThread::add                         : add sound to async queue : soundi = 0x2c35cb888, queue head = 0x333f96798, queue count = 0
[LOG] SystemI::createSound                     : filename = ../../../../Desktop/Alien Siege_FMOD_V2/Build/Desktop/Music.bank : mode 02010082
[LOG] SystemI::createSound                     : FMOD_NONBLOCKING specified.  Putting into queue to be opened asynchronously!
[LOG] AsyncThread::add                         : add sound to async queue : soundi = 0x2c35ca8d8, queue head = 0x333f96798, queue count = 1
[LOG] AsyncThread::threadFunc                  : Starting Asynchronous operation on sound 0x2c35cb888
[LOG] SystemI::createSoundInternal             :     Create name='../../../../Desktop/Alien Siege_FMOD_V2/Build/Desktop/Music.bank', mode=0x02010082
[LOG] SystemI::createSoundInternal             :     exinfo->cbsize             = 224
[LOG] SystemI::createSoundInternal             :     exinfo->length             = 18735232
[LOG] SystemI::createSoundInternal             :     exinfo->fileoffset         = 34688
[LOG] SystemI::createSoundInternal             :     exinfo->numsubsounds       = 1
[LOG] SystemI::createSoundInternal             :     exinfo->inclusionlist      = 0x2c35cbb50
[LOG] SystemI::createSoundInternal             :     exinfo->inclusionlistnum   = 1
[LOG] SystemI::createSoundInternal             :     exinfo->suggestedsoundtype = 5
[LOG] SystemI::createSoundInternal             :     exinfo->initialseekpostype = 1
[LOG] SystemI::createSoundInternal             :     Stream 0/1: name='Bass.Module1', format=5, channels=2, frequency=48000, lengthbytes=139520, lengthpcm=677647, pcmblocksize=0, loopstart=0, loopend=0, mode=0x00000000, channelmask=0x00000000, channelorder=0, peakvolume=0.125244.
[LOG] AsyncThread::threadFunc                  : Finished Asynchronous operation on sound 0x2c35cb888
[LOG] AsyncThread::threadFunc                  : Starting Asynchronous operation on sound 0x2c35ca8d8
[LOG] SystemI::createSoundInternal             :     Create name='../../../../Desktop/Alien Siege_FMOD_V2/Build/Desktop/Music.bank', mode=0x02010082
[LOG] SystemI::createSoundInternal             :     exinfo->cbsize             = 224
[LOG] SystemI::createSoundInternal             :     exinfo->length             = 18735232
[LOG] SystemI::createSoundInternal             :     exinfo->fileoffset         = 34688
[LOG] SystemI::createSoundInternal             :     exinfo->numsubsounds       = 1
[LOG] SystemI::createSoundInternal             :     exinfo->inclusionlist      = 0x2c35cbc90
[LOG] SystemI::createSoundInternal             :     exinfo->inclusionlistnum   = 1
[LOG] SystemI::createSoundInternal             :     exinfo->suggestedsoundtype = 5
[LOG] SystemI::createSoundInternal             :     exinfo->initialseekpostype = 1
[LOG] SystemI::createSoundInternal             :     Stream 0/1: name='Drums.Module1', format=5, channels=2, frequency=48000, lengthbytes=190432, lengthpcm=677647, pcmblocksize=0, loopstart=0, loopend=0, mode=0x00000000, channelmask=0x00000000, channelorder=0, peakvolume=0.326904.
[LOG] AsyncThread::threadFunc                  : Finished Asynchronous operation on sound 0x2c35ca8d8
[LOG] SystemI::createSound                     : filename = ../../../../Desktop/Alien Siege_FMOD_V2/Build/Desktop/Sound Design.bank : mode 02010082
[LOG] SystemI::createSound                     : FMOD_NONBLOCKING specified.  Putting into queue to be opened asynchronously!
[LOG] AsyncThread::add                         : add sound to async queue : soundi = 0x3872d2d28, queue head = 0x333f96798, queue count = 0
[LOG] AsyncThread::threadFunc                  : Starting Asynchronous operation on sound 0x3872d2d28
[LOG] SystemI::createSoundInternal             :     Create name='../../../../Desktop/Alien Siege_FMOD_V2/Build/Desktop/Sound Design.bank', mode=0x02010082
[LOG] SystemI::createSoundInternal             :     exinfo->cbsize             = 224
[LOG] SystemI::createSoundInternal             :     exinfo->length             = 3084512
[LOG] SystemI::createSoundInternal             :     exinfo->fileoffset         = 45312
[LOG] SystemI::createSoundInternal             :     exinfo->numsubsounds       = 1
[LOG] SystemI::createSoundInternal             :     exinfo->inclusionlist      = 0x387274df0
[LOG] SystemI::createSoundInternal             :     exinfo->inclusionlistnum   = 1
[LOG] SystemI::createSoundInternal             :     exinfo->suggestedsoundtype = 5
[LOG] SystemI::createSoundInternal             :     exinfo->initialseekpostype = 1
[LOG] SystemI::createSoundInternal             :     Stream 0/1: name='Fire 1', format=5, channels=2, frequency=48000, lengthbytes=157888, lengthpcm=696000, pcmblocksize=0, loopstart=0, loopend=0, mode=0x00000000, channelmask=0x00000000, channelorder=0, peakvolume=0.315216.
[LOG] AsyncThread::threadFunc                  : Finished Asynchronous operation on sound 0x3872d2d28
[LOG] SoundI::release                          : Fire 1 (0x2d9136038)
[LOG] SoundI::release                          :     Fire 1 (0x37d7c8d18)
[LOG] SoundI::release                          :     Fire 1 (0x37d7c8f78)
[LOG] SystemI::createSound                     : filename = ../../../../Desktop/Alien Siege_FMOD_V2/Build/Desktop/Sound Design.bank : mode 02010082
[LOG] SystemI::createSound                     : FMOD_NONBLOCKING specified.  Putting into queue to be opened asynchronously!
[LOG] AsyncThread::add                         : add sound to async queue : soundi = 0x2c3576108, queue head = 0x333f96798, queue count = 0
[LOG] SystemI::createSound                     : filename = ../../../../Desktop/Alien Siege_FMOD_V2/Build/Desktop/Sound Design.bank : mode 02010082
[LOG] SystemI::createSound                     : FMOD_NONBLOCKING specified.  Putting into queue to be opened asynchronously!
[LOG] AsyncThread::add                         : add sound to async queue : soundi = 0x2c3576668, queue head = 0x333f96798, queue count = 1
[LOG] AsyncThread::threadFunc                  : Starting Asynchronous operation on sound 0x2c3576108
[LOG] SystemI::createSoundInternal             :     Create name='../../../../Desktop/Alien Siege_FMOD_V2/Build/Desktop/Sound Design.bank', mode=0x02010082
[LOG] SystemI::createSoundInternal             :     exinfo->cbsize             = 224
[LOG] SystemI::createSoundInternal             :     exinfo->length             = 3084512
[LOG] SystemI::createSoundInternal             :     exinfo->fileoffset         = 45312
[LOG] SystemI::createSoundInternal             :     exinfo->numsubsounds       = 1
[LOG] SystemI::createSoundInternal             :     exinfo->inclusionlist      = 0x2c35763d0
[LOG] SystemI::createSoundInternal             :     exinfo->inclusionlistnum   = 1
[LOG] SystemI::createSoundInternal             :     exinfo->suggestedsoundtype = 5
[LOG] SystemI::createSoundInternal             :     exinfo->initialseekposition = 4375
[LOG] SystemI::createSoundInternal             :     exinfo->initialseekpostype = 1
[LOG] SystemI::createSound                     : filename = ../../../../Desktop/Alien Siege_FMOD_V2/Build/Desktop/Sound Design.bank : mode 02010082
[LOG] SystemI::createSound                     :     FMOD_NONBLOCKING specified.  Putting into queue to be opened asynchronously!
[LOG] AsyncThread::add                         :     add sound to async queue : soundi = 0x3872ccef8, queue head = 0x333f96798, queue count = 1
[LOG] SystemI::createSound                     :     filename = ../../../../Desktop/Alien Siege_FMOD_V2/Build/Desktop/Sound Design.bank : mode 02010082
[LOG] SystemI::createSound                     :     FMOD_NONBLOCKING specified.  Putting into queue to be opened asynchronously!
[LOG] AsyncThread::add                         :     add sound to async queue : soundi = 0x3872b6628, queue head = 0x333f96798, queue count = 2
[LOG] SystemI::createSoundInternal             :     Stream 0/1: name='UFO Hover_Howl', format=5, channels=2, frequency=48000, lengthbytes=342944, lengthpcm=1428481, pcmblocksize=0, loopstart=0, loopend=0, mode=0x00000000, channelmask=0x00000000, channelorder=0, peakvolume=0.074158.
[LOG] AsyncThread::threadFunc                  : Finished Asynchronous operation on sound 0x2c3576108
[LOG] AsyncThread::threadFunc                  : Starting Asynchronous operation on sound 0x2c3576668
[LOG] SystemI::createSoundInternal             :     Create name='../../../../Desktop/Alien Siege_FMOD_V2/Build/Desktop/Sound Design.bank', mode=0x02010082
[LOG] SystemI::createSoundInternal             :     exinfo->cbsize             = 224
[LOG] SystemI::createSoundInternal             :     exinfo->length             = 3084512
[LOG] SystemI::createSoundInternal             :     exinfo->fileoffset         = 45312
[LOG] SystemI::createSoundInternal             :     exinfo->numsubsounds       = 1
[LOG] SystemI::createSoundInternal             :     exinfo->inclusionlist      = 0x2c3576930
[LOG] SystemI::createSoundInternal             :     exinfo->inclusionlistnum   = 1
[LOG] SystemI::createSoundInternal             :     exinfo->suggestedsoundtype = 5
[LOG] SystemI::createSoundInternal             :     exinfo->initialseekposition = 20000
[LOG] SystemI::createSoundInternal             :     exinfo->initialseekpostype = 1
[LOG] SystemI::createSoundInternal             :     Stream 0/1: name='UFO Hover_Howl', format=5, channels=2, frequency=48000, lengthbytes=342944, lengthpcm=1428481, pcmblocksize=0, loopstart=0, loopend=0, mode=0x00000000, channelmask=0x00000000, channelorder=0, peakvolume=0.074158.
[LOG] AsyncThread::threadFunc                  : Finished Asynchronous operation on sound 0x2c3576668
[LOG] AsyncThread::threadFunc                  : Starting Asynchronous operation on sound 0x3872ccef8
[LOG] SystemI::createSoundInternal             :     Create name='../../../../Desktop/Alien Siege_FMOD_V2/Build/Desktop/Sound Design.bank', mode=0x02010082
[LOG] SystemI::createSoundInternal             :     exinfo->cbsize             = 224
[LOG] SystemI::createSoundInternal             :     exinfo->length             = 3084512
[LOG] SystemI::createSoundInternal             :     exinfo->fileoffset         = 45312
[LOG] SystemI::createSoundInternal             :     exinfo->numsubsounds       = 1
[LOG] SystemI::createSoundInternal             :     exinfo->inclusionlist      = 0x38723b920
[LOG] SystemI::createSoundInternal             :     exinfo->inclusionlistnum   = 1
[LOG] SystemI::createSoundInternal             :     exinfo->suggestedsoundtype = 5
[LOG] SystemI::createSoundInternal             :     exinfo->initialseekposition = 11625
[LOG] SystemI::createSoundInternal             :     exinfo->initialseekpostype = 1
[LOG] SystemI::createSoundInternal             :     Stream 0/1: name='UFO Hover_Rumble', format=5, channels=2, frequency=48000, lengthbytes=291840, lengthpcm=1607041, pcmblocksize=0, loopstart=0, loopend=0, mode=0x00000000, channelmask=0x00000000, channelorder=0, peakvolume=0.870789.
[LOG] AsyncThread::threadFunc                  : Finished Asynchronous operation on sound 0x3872ccef8
[LOG] AsyncThread::threadFunc                  : Starting Asynchronous operation on sound 0x3872b6628
[LOG] SystemI::createSoundInternal             :     Create name='../../../../Desktop/Alien Siege_FMOD_V2/Build/Desktop/Sound Design.bank', mode=0x02010082
[LOG] SystemI::createSoundInternal             :     exinfo->cbsize             = 224
[LOG] SystemI::createSoundInternal             :     exinfo->length             = 3084512
[LOG] SystemI::createSoundInternal             :     exinfo->fileoffset         = 45312
[LOG] SystemI::createSoundInternal             :     exinfo->numsubsounds       = 1
[LOG] SystemI::createSoundInternal             :     exinfo->inclusionlist      = 0x38723ad70
[LOG] SystemI::createSoundInternal             :     exinfo->inclusionlistnum   = 1
[LOG] SystemI::createSoundInternal             :     exinfo->suggestedsoundtype = 5
[LOG] SystemI::createSoundInternal             :     exinfo->initialseekposition = 4000
[LOG] SystemI::createSoundInternal             :     exinfo->initialseekpostype = 1
[LOG] SystemI::createSoundInternal             :     Stream 0/1: name='Hum', format=5, channels=2, frequency=48000, lengthbytes=339712, lengthpcm=1354746, pcmblocksize=0, loopstart=0, loopend=0, mode=0x00000000, channelmask=0x00000000, channelorder=0, peakvolume=0.070496.
[LOG] AsyncThread::threadFunc                  : Finished Asynchronous operation on sound 0x3872b6628
[LOG] AsyncThread::add                         : add sound to async queue : soundi = 0x37d7aaf68, queue head = 0x333f96798, queue count = 0
[LOG] AsyncThread::threadFunc                  : Starting Asynchronous operation on sound 0x37d7aaf68
[LOG] AsyncThread::threadFunc                  : Finished Asynchronous operation on sound 0x37d7aaf68
[LOG] SystemI::createSoundInternal             : Create name='', mode=0x02000202
[LOG] SystemI::createSoundInternal             : exinfo->cbsize             = 224
[LOG] SystemI::createSoundInternal             : exinfo->length             = 3084512
[LOG] SystemI::createSoundInternal             : exinfo->fileoffset         = 45312
[LOG] SystemI::createSoundInternal             : exinfo->numsubsounds       = 1
[LOG] SystemI::createSoundInternal             : exinfo->inclusionlist      = 0x2d99527f4
[LOG] SystemI::createSoundInternal             : exinfo->inclusionlistnum   = 1
[LOG] SystemI::createSoundInternal             : exinfo->suggestedsoundtype = 5
[LOG] SystemI::createSoundInternal             : exinfo->useropen           = 0x3c715ef2c
[LOG] SystemI::createSoundInternal             : exinfo->userclose          = 0x3c715effc
[LOG] SystemI::createSoundInternal             : exinfo->userread           = 0x3c715f038
[LOG] SystemI::createSoundInternal             : exinfo->userseek           = 0x3c715f108
[LOG] SystemI::createSoundInternal             : exinfo->fileuserdata       = 0x3872f4c18
[LOG] SystemI::createSoundInternal             : exinfo->initialseekpostype = 1
[LOG] SystemI::DSPCodecPoolRegister            : register codec pool for pool type 5
[LOG] SystemI::createSoundInternal             : Sample 0/1: name='Collect Mega Laser Charge', format=5, channels=2, frequency=48000, lengthbytes=27040, lengthpcm=96000, pcmblocksize=0, loopstart=0, loopend=0, mode=0x00000000, channelmask=0x00000000, channelorder=0, peakvolume=0.578674.
[LOG] SoundI::release                          : UFO Hover_Howl (0x333fc3a88)
[LOG] SoundI::release                          :     UFO Hover_Howl (0x2cb97b438)
[LOG] SoundI::release                          :     UFO Hover_Howl (0x2cb94b9a8)
[LOG] SoundI::release                          : UFO Hover_Rumble (0x333fe1c68)
[LOG] SoundI::release                          :     UFO Hover_Rumble (0x2d91b2138)
[LOG] SoundI::release                          :     UFO Hover_Rumble (0x2d91b22c8)
[LOG] SoundI::release                          : Hum (0x333f100e8)
[LOG] SoundI::release                          :     Hum (0x2d91b1758)
[LOG] SoundI::release                          :     Hum (0x2d91b18e8)
[LOG] SoundI::release                          : UFO Hover_Howl (0x333fcc428)
[LOG] SoundI::release                          :     UFO Hover_Howl (0x2d91b3da8)
[LOG] SoundI::release                          :     UFO Hover_Howl (0x2d91b3f38)
[LOG] SoundI::release                          : Mega Laser (0x37d7dd4d8)
[LOG] SoundI::release                          :     Mega Laser (0x2c2f1bf78)
[LOG] SoundI::release                          :     Mega Laser (0x392a70468)
[LOG] SoundI::release                          : Drums.Module1 (0x2cb010f78)
[LOG] SoundI::release                          :     Drums.Module1 (0x2d91afc88)
[LOG] SoundI::release                          :     Drums.Module1 (0x2d91afe18)
[LOG] SoundI::release                          : Bass.Module1 (0x2cb051ae8)
[LOG] SoundI::release                          :     Bass.Module1 (0x2d91b0da8)
[LOG] SoundI::release                          :     Bass.Module1 (0x2d91b0f38)
[LOG] SystemI::createSound                     : filename = ../../../../Desktop/Alien Siege_FMOD_V2/Build/Desktop/Music.bank : mode 02010082
[LOG] SystemI::createSound                     : FMOD_NONBLOCKING specified.  Putting into queue to be opened asynchronously!
[LOG] AsyncThread::add                         : add sound to async queue : soundi = 0x387271958, queue head = 0x333f96798, queue count = 0
[LOG] SystemI::createSound                     : filename = ../../../../Desktop/Alien Siege_FMOD_V2/Build/Desktop/Music.bank : mode 02010082
[LOG] SystemI::createSound                     : FMOD_NONBLOCKING specified.  Putting into queue to be opened asynchronously!
[LOG] AsyncThread::add                         : add sound to async queue : soundi = 0x3872714b8, queue head = 0x333f96798, queue count = 1
[LOG] SystemI::createSound                     : filename = ../../../../Desktop/Alien Siege_FMOD_V2/Build/Desktop/Music.bank : mode 02010082
[LOG] SystemI::createSound                     : FMOD_NONBLOCKING specified.  Putting into queue to be opened asynchronously!
[LOG] AsyncThread::add                         : add sound to async queue : soundi = 0x38724d398, queue head = 0x333f96798, queue count = 2
[LOG] SystemI::createSound                     : filename = ../../../../Desktop/Alien Siege_FMOD_V2/Build/Desktop/Music.bank : mode 02010082
[LOG] SystemI::createSound                     : FMOD_NONBLOCKING specified.  Putting into queue to be opened asynchronously!
[LOG] AsyncThread::add                         : add sound to async queue : soundi = 0x38724bc78, queue head = 0x333f96798, queue count = 2
[LOG] AsyncThread::threadFunc                  : Starting Asynchronous operation on sound 0x387271958
[LOG] SystemI::createSound                     : filename = ../../../../Desktop/Alien Siege_FMOD_V2/Build/Desktop/Music.bank : mode 02010082
[LOG] SystemI::createSound                     :     FMOD_NONBLOCKING specified.  Putting into queue to be opened asynchronously!
[LOG] SystemI::createSoundInternal             :     Create name='../../../../Desktop/Alien Siege_FMOD_V2/Build/Desktop/Music.bank', mode=0x02010082
[LOG] SystemI::createSoundInternal             :     exinfo->cbsize             = 224
[LOG] SystemI::createSoundInternal             :     exinfo->length             = 18735232
[LOG] SystemI::createSoundInternal             :     exinfo->fileoffset         = 34688
[LOG] SystemI::createSoundInternal             :     exinfo->numsubsounds       = 1
[LOG] AsyncThread::add                         :     add sound to async queue : soundi = 0x38724a128, queue head = 0x333f96798, queue count = 3
[LOG] SystemI::createSoundInternal             :     exinfo->inclusionlist      = 0x387271c20
[LOG] SystemI::createSoundInternal             :     exinfo->inclusionlistnum   = 1
[LOG] SystemI::createSoundInternal             :     exinfo->suggestedsoundtype = 5
[LOG] SystemI::createSoundInternal             :     exinfo->initialseekpostype = 1
[LOG] SystemI::createSoundInternal             :     Stream 0/1: name='Pad.Module2', format=5, channels=2, frequency=48000, lengthbytes=169824, lengthpcm=677647, pcmblocksize=0, loopstart=0, loopend=0, mode=0x00000000, channelmask=0x00000000, channelorder=0, peakvolume=0.062958.
[LOG] AsyncThread::threadFunc                  : Finished Asynchronous operation on sound 0x387271958
[LOG] AsyncThread::threadFunc                  : Starting Asynchronous operation on sound 0x3872714b8
[LOG] SystemI::createSoundInternal             :     Create name='../../../../Desktop/Alien Siege_FMOD_V2/Build/Desktop/Music.bank', mode=0x02010082
[LOG] SystemI::createSoundInternal             :     exinfo->cbsize             = 224
[LOG] SystemI::createSoundInternal             :     exinfo->length             = 18735232
[LOG] SystemI::createSoundInternal             :     exinfo->fileoffset         = 34688
[LOG] SystemI::createSoundInternal             :     exinfo->numsubsounds       = 1
[LOG] SystemI::createSoundInternal             :     exinfo->inclusionlist      = 0x38724d1d0
[LOG] SystemI::createSoundInternal             :     exinfo->inclusionlistnum   = 1
[LOG] SystemI::createSoundInternal             :     exinfo->suggestedsoundtype = 5
[LOG] SystemI::createSoundInternal             :     exinfo->initialseekpostype = 1
[LOG] SystemI::createSoundInternal             :     Stream 0/1: name='RhythmGuitar.Module2', format=5, channels=2, frequency=48000, lengthbytes=120512, lengthpcm=542118, pcmblocksize=0, loopstart=0, loopend=0, mode=0x00000000, channelmask=0x00000000, channelorder=0, peakvolume=0.037109.
[LOG] AsyncThread::threadFunc                  : Finished Asynchronous operation on sound 0x3872714b8
[LOG] AsyncThread::threadFunc                  : Starting Asynchronous operation on sound 0x38724d398
[LOG] SystemI::createSoundInternal             :     Create name='../../../../Desktop/Alien Siege_FMOD_V2/Build/Desktop/Music.bank', mode=0x02010082
[LOG] SystemI::createSoundInternal             :     exinfo->cbsize             = 224
[LOG] SystemI::createSoundInternal             :     exinfo->length             = 18735232
[LOG] SystemI::createSoundInternal             :     exinfo->fileoffset         = 34688
[LOG] SystemI::createSoundInternal             :     exinfo->numsubsounds       = 1
[LOG] SystemI::createSoundInternal             :     exinfo->inclusionlist      = 0x38724d660
[LOG] SystemI::createSoundInternal             :     exinfo->inclusionlistnum   = 1
[LOG] SystemI::createSoundInternal             :     exinfo->suggestedsoundtype = 5
[LOG] SystemI::createSoundInternal             :     exinfo->initialseekpostype = 1
[LOG] SystemI::createSoundInternal             :     Stream 0/1: name='Drums.Module2', format=5, channels=2, frequency=48000, lengthbytes=190272, lengthpcm=677647, pcmblocksize=0, loopstart=0, loopend=0, mode=0x00000000, channelmask=0x00000000, channelorder=0, peakvolume=0.314178.
[LOG] AsyncThread::threadFunc                  : Finished Asynchronous operation on sound 0x38724d398
[LOG] AsyncThread::threadFunc                  : Starting Asynchronous operation on sound 0x38724bc78
[LOG] SystemI::createSoundInternal             :     Create name='../../../../Desktop/Alien Siege_FMOD_V2/Build/Desktop/Music.bank', mode=0x02010082
[LOG] SystemI::createSoundInternal             :     exinfo->cbsize             = 224
[LOG] SystemI::createSoundInternal             :     exinfo->length             = 18735232
[LOG] SystemI::createSoundInternal             :     exinfo->fileoffset         = 34688
[LOG] SystemI::createSoundInternal             :     exinfo->numsubsounds       = 1
[LOG] SystemI::createSoundInternal             :     exinfo->inclusionlist      = 0x38724bf40
[LOG] SystemI::createSoundInternal             :     exinfo->inclusionlistnum   = 1
[LOG] SystemI::createSoundInternal             :     exinfo->suggestedsoundtype = 5
[LOG] SystemI::createSoundInternal             :     exinfo->initialseekpostype = 1
[LOG] SystemI::createSoundInternal             :     Stream 0/1: name='SFX.Module2', format=5, channels=2, frequency=48000, lengthbytes=146848, lengthpcm=677647, pcmblocksize=0, loopstart=0, loopend=0, mode=0x00000000, channelmask=0x00000000, channelorder=0, peakvolume=0.069763.
[LOG] AsyncThread::threadFunc                  : Finished Asynchronous operation on sound 0x38724bc78
[LOG] AsyncThread::threadFunc                  : Starting Asynchronous operation on sound 0x38724a128
[LOG] SystemI::createSoundInternal             :     Create name='../../../../Desktop/Alien Siege_FMOD_V2/Build/Desktop/Music.bank', mode=0x02010082
[LOG] SystemI::createSoundInternal             :     exinfo->cbsize             = 224
[LOG] SystemI::createSoundInternal             :     exinfo->length             = 18735232
[LOG] SystemI::createSoundInternal             :     exinfo->fileoffset         = 34688
[LOG] SystemI::createSoundInternal             :     exinfo->numsubsounds       = 1
[LOG] SystemI::createSoundInternal             :     exinfo->inclusionlist      = 0x38724a3f0
[LOG] SystemI::createSoundInternal             :     exinfo->inclusionlistnum   = 1
[LOG] SystemI::createSoundInternal             :     exinfo->suggestedsoundtype = 5
[LOG] SystemI::createSoundInternal             :     exinfo->initialseekpostype = 1
[LOG] SystemI::createSoundInternal             :     Stream 0/1: name='Bass.Module2', format=5, channels=2, frequency=48000, lengthbytes=139712, lengthpcm=677647, pcmblocksize=0, loopstart=0, loopend=0, mode=0x00000000, channelmask=0x00000000, channelorder=0, peakvolume=0.121674.
[LOG] AsyncThread::threadFunc                  : Finished Asynchronous operation on sound 0x38724a128
[LOG] SystemI::createSound                     : filename = ../../../../Desktop/Alien Siege_FMOD_V2/Build/Desktop/Sound Design.bank : mode 02010082
[LOG] SystemI::createSound                     : FMOD_NONBLOCKING specified.  Putting into queue to be opened asynchronously!
[LOG] AsyncThread::add                         : add sound to async queue : soundi = 0x38724cec8, queue head = 0x333f96798, queue count = 0
[LOG] SystemI::createSound                     : filename = ../../../../Desktop/Alien Siege_FMOD_V2/Build/Desktop/Sound Design.bank : mode 02010082
[LOG] SystemI::createSound                     : FMOD_NONBLOCKING specified.  Putting into queue to be opened asynchronously!
[LOG] AsyncThread::add                         : add sound to async queue : soundi = 0x387244c98, queue head = 0x333f96798, queue count = 1
[LOG] AsyncThread::threadFunc                  : Starting Asynchronous operation on sound 0x38724cec8
[LOG] SystemI::createSoundInternal             :     Create name='../../../../Desktop/Alien Siege_FMOD_V2/Build/Desktop/Sound Design.bank', mode=0x02010082
[LOG] SystemI::createSoundInternal             :     exinfo->cbsize             = 224
[LOG] SystemI::createSoundInternal             :     exinfo->length             = 3084512
[LOG] SystemI::createSoundInternal             :     exinfo->fileoffset         = 45312
[LOG] SystemI::createSoundInternal             :     exinfo->numsubsounds       = 1
[LOG] SystemI::createSoundInternal             :     exinfo->inclusionlist      = 0x387244ad0
[LOG] SystemI::createSoundInternal             :     exinfo->inclusionlistnum   = 1
[LOG] SystemI::createSoundInternal             :     exinfo->suggestedsoundtype = 5
[LOG] SystemI::createSoundInternal             :     exinfo->initialseekposition = 750
[LOG] SystemI::createSoundInternal             :     exinfo->initialseekpostype = 1
[LOG] SystemI::createSoundInternal             :     Stream 0/1: name='City Missile Flight_Dirt', format=5, channels=2, frequency=48000, lengthbytes=114048, lengthpcm=576000, pcmblocksize=0, loopstart=0, loopend=0, mode=0x00000000, channelmask=0x00000000, channelorder=0, peakvolume=0.570984.
[LOG] AsyncThread::threadFunc                  : Finished Asynchronous operation on sound 0x38724cec8
[LOG] AsyncThread::threadFunc                  : Starting Asynchronous operation on sound 0x387244c98
[LOG] SystemI::createSoundInternal             :     Create name='../../../../Desktop/Alien Siege_FMOD_V2/Build/Desktop/Sound Design.bank', mode=0x02010082
[LOG] SystemI::createSoundInternal             :     exinfo->cbsize             = 224
[LOG] SystemI::createSoundInternal             :     exinfo->length             = 3084512
[LOG] SystemI::createSoundInternal             :     exinfo->fileoffset         = 45312
[LOG] SystemI::createSoundInternal             :     exinfo->numsubsounds       = 1
[LOG] SystemI::createSoundInternal             :     exinfo->inclusionlist      = 0x3872493d0
[LOG] SystemI::createSoundInternal             :     exinfo->inclusionlistnum   = 1
[LOG] SystemI::createSoundInternal             :     exinfo->suggestedsoundtype = 5
[LOG] SystemI::createSoundInternal             :     exinfo->initialseekpostype = 1
[LOG] SystemI::createSoundInternal             :     Stream 0/1: name='City Missile Flight_Rumble', format=5, channels=2, frequency=48000, lengthbytes=115168, lengthpcm=576000, pcmblocksize=0, loopstart=0, loopend=0, mode=0x00000000, channelmask=0x00000000, channelorder=0, peakvolume=0.551636.
[LOG] AsyncThread::threadFunc                  : Finished Asynchronous operation on sound 0x387244c98
[LOG] SoundI::release                          : City Missile Flight_Rumble (0x3872f55f8)
[LOG] SoundI::release                          :     City Missile Flight_Rumble (0x37d7a9cf8)
[LOG] SoundI::release                          :     City Missile Flight_Rumble (0x37d7a9e88)
[LOG] SoundI::release                          : City Missile Flight_Dirt (0x3872f77e8)
[LOG] SoundI::release                          :     City Missile Flight_Dirt (0x37d7a8838)
[LOG] SoundI::release                          :     City Missile Flight_Dirt (0x37d7a89c8)
[LOG] AsyncThread::add                         : add sound to async queue : soundi = 0x2d9134c68, queue head = 0x333f96798, queue count = 0
[LOG] AsyncThread::threadFunc                  : Starting Asynchronous operation on sound 0x2d9134c68
[LOG] AsyncThread::threadFunc                  : Finished Asynchronous operation on sound 0x2d9134c68
[LOG] SoundI::release                          : Pad.Module2 (0x387271958)
[LOG] SoundI::release                          :     Pad.Module2 (0x2d9a376a8)
[LOG] SoundI::release                          :     Pad.Module2 (0x2d9a37838)
[LOG] SoundI::release                          : RhythmGuitar.Module2 (0x3872714b8)
[LOG] SoundI::release                          :     RhythmGuitar.Module2 (0x2d9a35698)
[LOG] SoundI::release                          :     RhythmGuitar.Module2 (0x2d9a35828)
[LOG] SoundI::release                          : SFX.Module2 (0x38724bc78)
[LOG] SoundI::release                          :     SFX.Module2 (0x2d9a33168)
[LOG] SoundI::release                          :     SFX.Module2 (0x2d9a32718)
[LOG] SoundI::release                          : Drums.Module2 (0x38724d398)
[LOG] SoundI::release                          :     Drums.Module2 (0x2d9a351d8)
[LOG] SoundI::release                          :     Drums.Module2 (0x2d9a35438)
[LOG] SoundI::release                          : Bass.Module2 (0x38724a128)
[LOG] SoundI::release                          :     Bass.Module2 (0x2d9a31388)
[LOG] SoundI::release                          :     Bass.Module2 (0x2d9a31518)
[LOG] AsyncThread::add                         : add sound to async queue : soundi = 0x37d7c8f78, queue head = 0x333f96798, queue count = 0
[LOG] AsyncThread::add                         : add sound to async queue : soundi = 0x37d7a4938, queue head = 0x333f96798, queue count = 1
[LOG] AsyncThread::threadFunc                  : Starting Asynchronous operation on sound 0x37d7c8f78
[LOG] AsyncThread::threadFunc                  : Finished Asynchronous operation on sound 0x37d7c8f78
[LOG] AsyncThread::threadFunc                  : Starting Asynchronous operation on sound 0x37d7a4938
[LOG] AsyncThread::threadFunc                  : Finished Asynchronous operation on sound 0x37d7a4938
[LOG] SoundI::release                          : City Missile Flight_Rumble (0x387244c98)
[LOG] SoundI::release                          :     City Missile Flight_Rumble (0x37d761df8)
[LOG] SoundI::release                          :     City Missile Flight_Rumble (0x37d762058)
[LOG] SoundI::release                          : City Missile Flight_Dirt (0x38724cec8)
[LOG] SoundI::release                          :     City Missile Flight_Dirt (0x37d763d58)
[LOG] SoundI::release                          :     City Missile Flight_Dirt (0x37d763fb8)
[LOG] SystemI::createSound                     : filename = ../../../../Desktop/Alien Siege_FMOD_V2/Build/Desktop/Sound Design.bank : mode 02010082
[LOG] SystemI::createSound                     : FMOD_NONBLOCKING specified.  Putting into queue to be opened asynchronously!
[LOG] AsyncThread::add                         : add sound to async queue : soundi = 0x16fa695a8, queue head = 0x333f96798, queue count = 0
[LOG] SystemI::createSound                     : filename = ../../../../Desktop/Alien Siege_FMOD_V2/Build/Desktop/Sound Design.bank : mode 02010082
[LOG] SystemI::createSound                     : FMOD_NONBLOCKING specified.  Putting into queue to be opened asynchronously!
[LOG] AsyncThread::add                         : add sound to async queue : soundi = 0x16fa5b318, queue head = 0x333f96798, queue count = 0
[LOG] SystemI::createSound                     : filename = ../../../../Desktop/Alien Siege_FMOD_V2/Build/Desktop/Sound Design.bank : mode 02010082
[LOG] SystemI::createSound                     : FMOD_NONBLOCKING specified.  Putting into queue to be opened asynchronously!
[LOG] AsyncThread::add                         : add sound to async queue : soundi = 0x333aaa9f8, queue head = 0x333f96798, queue count = 1
[LOG] SystemI::createSound                     : filename = ../../../../Desktop/Alien Siege_FMOD_V2/Build/Desktop/Sound Design.bank : mode 02010082
[LOG] SystemI::createSound                     : FMOD_NONBLOCKING specified.  Putting into queue to be opened asynchronously!
[LOG] AsyncThread::add                         : add sound to async queue : soundi = 0x333a23678, queue head = 0x333f96798, queue count = 2
[LOG] AsyncThread::threadFunc                  : Starting Asynchronous operation on sound 0x16fa695a8
[LOG] SystemI::createSoundInternal             :     Create name='../../../../Desktop/Alien Siege_FMOD_V2/Build/Desktop/Sound Design.bank', mode=0x02010082
[LOG] SystemI::createSoundInternal             :     exinfo->cbsize             = 224
[LOG] SystemI::createSoundInternal             :     exinfo->length             = 3084512
[LOG] SystemI::createSoundInternal             :     exinfo->fileoffset         = 45312
[LOG] SystemI::createSoundInternal             :     exinfo->numsubsounds       = 1
[LOG] SystemI::createSoundInternal             :     exinfo->inclusionlist      = 0x16fa69870
[LOG] SystemI::createSoundInternal             :     exinfo->inclusionlistnum   = 1
[LOG] SystemI::createSoundInternal             :     exinfo->suggestedsoundtype = 5
[LOG] SystemI::createSoundInternal             :     exinfo->initialseekposition = 4375
[LOG] SystemI::createSoundInternal             :     exinfo->initialseekpostype = 1
[LOG] SystemI::createSoundInternal             :     Stream 0/1: name='UFO Hover_Howl', format=5, channels=2, frequency=48000, lengthbytes=342944, lengthpcm=1428481, pcmblocksize=0, loopstart=0, loopend=0, mode=0x00000000, channelmask=0x00000000, channelorder=0, peakvolume=0.074158.
[LOG] AsyncThread::threadFunc                  : Finished Asynchronous operation on sound 0x16fa695a8
[LOG] AsyncThread::threadFunc                  : Starting Asynchronous operation on sound 0x16fa5b318
[LOG] SystemI::createSoundInternal             :     Create name='../../../../Desktop/Alien Siege_FMOD_V2/Build/Desktop/Sound Design.bank', mode=0x02010082
[LOG] SystemI::createSoundInternal             :     exinfo->cbsize             = 224
[LOG] SystemI::createSoundInternal             :     exinfo->length             = 3084512
[LOG] SystemI::createSoundInternal             :     exinfo->fileoffset         = 45312
[LOG] SystemI::createSoundInternal             :     exinfo->numsubsounds       = 1
[LOG] SystemI::createSoundInternal             :     exinfo->inclusionlist      = 0x333bfc8e0
[LOG] SystemI::createSoundInternal             :     exinfo->inclusionlistnum   = 1
[LOG] SystemI::createSoundInternal             :     exinfo->suggestedsoundtype = 5
[LOG] SystemI::createSoundInternal             :     exinfo->initialseekposition = 20000
[LOG] SystemI::createSoundInternal             :     exinfo->initialseekpostype = 1
[LOG] SystemI::createSoundInternal             :     Stream 0/1: name='UFO Hover_Howl', format=5, channels=2, frequency=48000, lengthbytes=342944, lengthpcm=1428481, pcmblocksize=0, loopstart=0, loopend=0, mode=0x00000000, channelmask=0x00000000, channelorder=0, peakvolume=0.074158.
[LOG] AsyncThread::threadFunc                  : Finished Asynchronous operation on sound 0x16fa5b318
[LOG] AsyncThread::threadFunc                  : Starting Asynchronous operation on sound 0x333aaa9f8
[LOG] SystemI::createSoundInternal             :     Create name='../../../../Desktop/Alien Siege_FMOD_V2/Build/Desktop/Sound Design.bank', mode=0x02010082
[LOG] SystemI::createSoundInternal             :     exinfo->cbsize             = 224
[LOG] SystemI::createSoundInternal             :     exinfo->length             = 3084512
[LOG] SystemI::createSoundInternal             :     exinfo->fileoffset         = 45312
[LOG] SystemI::createSoundInternal             :     exinfo->numsubsounds       = 1
[LOG] SystemI::createSoundInternal             :     exinfo->inclusionlist      = 0x333aaacc0
[LOG] SystemI::createSoundInternal             :     exinfo->inclusionlistnum   = 1
[LOG] SystemI::createSoundInternal             :     exinfo->suggestedsoundtype = 5
[LOG] SystemI::createSoundInternal             :     exinfo->initialseekposition = 11625
[LOG] SystemI::createSoundInternal             :     exinfo->initialseekpostype = 1
[LOG] SystemI::createSoundInternal             :     Stream 0/1: name='UFO Hover_Rumble', format=5, channels=2, frequency=48000, lengthbytes=291840, lengthpcm=1607041, pcmblocksize=0, loopstart=0, loopend=0, mode=0x00000000, channelmask=0x00000000, channelorder=0, peakvolume=0.870789.
[LOG] AsyncThread::threadFunc                  : Finished Asynchronous operation on sound 0x333aaa9f8
[LOG] AsyncThread::threadFunc                  : Starting Asynchronous operation on sound 0x333a23678
[LOG] SystemI::createSoundInternal             :     Create name='../../../../Desktop/Alien Siege_FMOD_V2/Build/Desktop/Sound Design.bank', mode=0x02010082
[LOG] SystemI::createSoundInternal             :     exinfo->cbsize             = 224
[LOG] SystemI::createSoundInternal             :     exinfo->length             = 3084512
[LOG] SystemI::createSoundInternal             :     exinfo->fileoffset         = 45312
[LOG] SystemI::createSoundInternal             :     exinfo->numsubsounds       = 1
[LOG] SystemI::createSoundInternal             :     exinfo->inclusionlist      = 0x333a14b10
[LOG] SystemI::createSoundInternal             :     exinfo->inclusionlistnum   = 1
[LOG] SystemI::createSoundInternal             :     exinfo->suggestedsoundtype = 5
[LOG] SystemI::createSoundInternal             :     exinfo->initialseekposition = 4000
[LOG] SystemI::createSoundInternal             :     exinfo->initialseekpostype = 1
[LOG] SystemI::createSoundInternal             :     Stream 0/1: name='Hum', format=5, channels=2, frequency=48000, lengthbytes=339712, lengthpcm=1354746, pcmblocksize=0, loopstart=0, loopend=0, mode=0x00000000, channelmask=0x00000000, channelorder=0, peakvolume=0.070496.
[LOG] AsyncThread::threadFunc                  : Finished Asynchronous operation on sound 0x333a23678
[LOG] SoundI::release                          : UFO Hover_Howl (0x2c3576108)
[LOG] SoundI::release                          :     UFO Hover_Howl (0x37d7dc3c8)
[LOG] SoundI::release                          :     UFO Hover_Howl (0x37d7c8f78)
[LOG] SoundI::release                          : UFO Hover_Rumble (0x3872ccef8)
[LOG] SoundI::release                          :     UFO Hover_Rumble (0x37d7a5908)
[LOG] SoundI::release                          :     UFO Hover_Rumble (0x37d7a5128)
[LOG] SoundI::release                          : Hum (0x3872b6628)
[LOG] SoundI::release                          :     Hum (0x37d7a47a8)
[LOG] SoundI::release                          :     Hum (0x37d7a4938)
[LOG] SoundI::release                          : UFO Hover_Howl (0x2c3576668)
[LOG] SoundI::release                          :     UFO Hover_Howl (0x37d7a7f08)
[LOG] SoundI::release                          :     UFO Hover_Howl (0x37d7a8098)
[LOG] SystemI::createSound                     : filename = ../../../../Desktop/Alien Siege_FMOD_V2/Build/Desktop/Sound Design.bank : mode 02010082
[LOG] SystemI::createSound                     : FMOD_NONBLOCKING specified.  Putting into queue to be opened asynchronously!
[LOG] AsyncThread::add                         : add sound to async queue : soundi = 0x38702fe18, queue head = 0x333f96798, queue count = 0
[LOG] SystemI::createSound                     : filename = ../../../../Desktop/Alien Siege_FMOD_V2/Build/Desktop/Sound Design.bank : mode 02010082
[LOG] SystemI::createSound                     : FMOD_NONBLOCKING specified.  Putting into queue to be opened asynchronously!
[LOG] AsyncThread::add                         : add sound to async queue : soundi = 0x387031b98, queue head = 0x333f96798, queue count = 1
[LOG] AsyncThread::threadFunc                  : Starting Asynchronous operation on sound 0x38702fe18
[LOG] SystemI::createSoundInternal             :     Create name='../../../../Desktop/Alien Siege_FMOD_V2/Build/Desktop/Sound Design.bank', mode=0x02010082
[LOG] SystemI::createSoundInternal             :     exinfo->cbsize             = 224
[LOG] SystemI::createSoundInternal             :     exinfo->length             = 3084512
[LOG] SystemI::createSoundInternal             :     exinfo->fileoffset         = 45312
[LOG] SystemI::createSoundInternal             :     exinfo->numsubsounds       = 1
[LOG] SystemI::createSoundInternal             :     exinfo->inclusionlist      = 0x3870300e0
[LOG] SystemI::createSoundInternal             :     exinfo->inclusionlistnum   = 1
[LOG] SystemI::createSoundInternal             :     exinfo->suggestedsoundtype = 5
[LOG] SystemI::createSoundInternal             :     exinfo->initialseekposition = 750
[LOG] SystemI::createSoundInternal             :     exinfo->initialseekpostype = 1
[LOG] SystemI::createSoundInternal             :     Stream 0/1: name='City Missile Flight_Dirt', format=5, channels=2, frequency=48000, lengthbytes=114048, lengthpcm=576000, pcmblocksize=0, loopstart=0, loopend=0, mode=0x00000000, channelmask=0x00000000, channelorder=0, peakvolume=0.570984.
[LOG] AsyncThread::threadFunc                  : Finished Asynchronous operation on sound 0x38702fe18
[LOG] AsyncThread::threadFunc                  : Starting Asynchronous operation on sound 0x387031b98
[LOG] SystemI::createSoundInternal             :     Create name='../../../../Desktop/Alien Siege_FMOD_V2/Build/Desktop/Sound Design.bank', mode=0x02010082
[LOG] SystemI::createSoundInternal             :     exinfo->cbsize             = 224
[LOG] SystemI::createSoundInternal             :     exinfo->length             = 3084512
[LOG] SystemI::createSoundInternal             :     exinfo->fileoffset         = 45312
[LOG] SystemI::createSoundInternal             :     exinfo->numsubsounds       = 1
[LOG] SystemI::createSoundInternal             :     exinfo->inclusionlist      = 0x387031e60
[LOG] SystemI::createSoundInternal             :     exinfo->inclusionlistnum   = 1
[LOG] SystemI::createSoundInternal             :     exinfo->suggestedsoundtype = 5
[LOG] SystemI::createSoundInternal             :     exinfo->initialseekpostype = 1
[LOG] SystemI::createSoundInternal             :     Stream 0/1: name='City Missile Flight_Rumble', format=5, channels=2, frequency=48000, lengthbytes=115168, lengthpcm=576000, pcmblocksize=0, loopstart=0, loopend=0, mode=0x00000000, channelmask=0x00000000, channelorder=0, peakvolume=0.551636.
[LOG] AsyncThread::threadFunc                  : Finished Asynchronous operation on sound 0x387031b98
[LOG] AsyncThread::add                         : add sound to async queue : soundi = 0x2c2eb9cf8, queue head = 0x333f96798, queue count = 0
[LOG] AsyncThread::threadFunc                  : Starting Asynchronous operation on sound 0x2c2eb9cf8
[LOG] AsyncThread::threadFunc                  : Finished Asynchronous operation on sound 0x2c2eb9cf8
[LOG] AsyncThread::add                         : add sound to async queue : soundi = 0x2d9a61888, queue head = 0x333f96798, queue count = 0
[LOG] AsyncThread::threadFunc                  : Starting Asynchronous operation on sound 0x2d9a61888
[LOG] AsyncThread::threadFunc                  : Finished Asynchronous operation on sound 0x2d9a61888
[LOG] SystemI::createSound                     : filename = ../../../../Desktop/Alien Siege_FMOD_V2/Build/Desktop/Music.bank : mode 02010082
[LOG] SystemI::createSound                     : FMOD_NONBLOCKING specified.  Putting into queue to be opened asynchronously!
[LOG] AsyncThread::add                         : add sound to async queue : soundi = 0x2cb999408, queue head = 0x333f96798, queue count = 0
[LOG] SystemI::createSound                     : filename = ../../../../Desktop/Alien Siege_FMOD_V2/Build/Desktop/Music.bank : mode 02010082
[LOG] SystemI::createSound                     : FMOD_NONBLOCKING specified.  Putting into queue to be opened asynchronously!
[LOG] AsyncThread::threadFunc                  : Starting Asynchronous operation on sound 0x2cb999408
[LOG] SystemI::createSoundInternal             :     Create name='../../../../Desktop/Alien Siege_FMOD_V2/Build/Desktop/Music.bank', mode=0x02010082
[LOG] SystemI::createSoundInternal             :     exinfo->cbsize             = 224
[LOG] SystemI::createSoundInternal             :     exinfo->length             = 18735232
[LOG] SystemI::createSoundInternal             :     exinfo->fileoffset         = 34688
[LOG] AsyncThread::add                         : add sound to async queue : soundi = 0x2cb91ca48, queue head = 0x333f96798, queue count = 0
[LOG] SystemI::createSoundInternal             :     exinfo->numsubsounds       = 1
[LOG] SystemI::createSoundInternal             :     exinfo->inclusionlist      = 0x2cb9996d0
[LOG] SystemI::createSoundInternal             :     exinfo->inclusionlistnum   = 1
[LOG] SystemI::createSoundInternal             :     exinfo->suggestedsoundtype = 5
[LOG] SystemI::createSoundInternal             :     exinfo->initialseekpostype = 1
[LOG] SystemI::createSoundInternal             :     Stream 0/1: name='Bass.Module1', format=5, channels=2, frequency=48000, lengthbytes=139520, lengthpcm=677647, pcmblocksize=0, loopstart=0, loopend=0, mode=0x00000000, channelmask=0x00000000, channelorder=0, peakvolume=0.125244.
[LOG] AsyncThread::threadFunc                  : Finished Asynchronous operation on sound 0x2cb999408
[LOG] AsyncThread::threadFunc                  : Starting Asynchronous operation on sound 0x2cb91ca48
[LOG] SystemI::createSoundInternal             :     Create name='../../../../Desktop/Alien Siege_FMOD_V2/Build/Desktop/Music.bank', mode=0x02010082
[LOG] SystemI::createSoundInternal             :     exinfo->cbsize             = 224
[LOG] SystemI::createSoundInternal             :     exinfo->length             = 18735232
[LOG] SystemI::createSoundInternal             :     exinfo->fileoffset         = 34688
[LOG] SystemI::createSoundInternal             :     exinfo->numsubsounds       = 1
[LOG] SystemI::createSoundInternal             :     exinfo->inclusionlist      = 0x2cb91cd10
[LOG] SystemI::createSoundInternal             :     exinfo->inclusionlistnum   = 1
[LOG] SystemI::createSoundInternal             :     exinfo->suggestedsoundtype = 5
[LOG] SystemI::createSoundInternal             :     exinfo->initialseekpostype = 1
[LOG] SystemI::createSoundInternal             :     Stream 0/1: name='Drums.Module1', format=5, channels=2, frequency=48000, lengthbytes=190432, lengthpcm=677647, pcmblocksize=0, loopstart=0, loopend=0, mode=0x00000000, channelmask=0x00000000, channelorder=0, peakvolume=0.326904.
[LOG] AsyncThread::threadFunc                  : Finished Asynchronous operation on sound 0x2cb91ca48
[LOG] SystemI::createSound                     : filename = ../../../../Desktop/Alien Siege_FMOD_V2/Build/Desktop/Sound Design.bank : mode 02010082
[LOG] SystemI::createSound                     : FMOD_NONBLOCKING specified.  Putting into queue to be opened asynchronously!
[LOG] AsyncThread::add                         : add sound to async queue : soundi = 0x37d7c9858, queue head = 0x333f96798, queue count = 0
[LOG] AsyncThread::threadFunc                  : Starting Asynchronous operation on sound 0x37d7c9858
[LOG] SystemI::createSoundInternal             :     Create name='../../../../Desktop/Alien Siege_FMOD_V2/Build/Desktop/Sound Design.bank', mode=0x02010082
[LOG] SystemI::createSoundInternal             :     exinfo->cbsize             = 224
[LOG] SystemI::createSoundInternal             :     exinfo->length             = 3084512
[LOG] SystemI::createSoundInternal             :     exinfo->fileoffset         = 45312
[LOG] SystemI::createSoundInternal             :     exinfo->numsubsounds       = 1
[LOG] SystemI::createSoundInternal             :     exinfo->inclusionlist      = 0x33b5f8550
[LOG] SystemI::createSoundInternal             :     exinfo->inclusionlistnum   = 1
[LOG] SystemI::createSoundInternal             :     exinfo->suggestedsoundtype = 5
[LOG] SystemI::createSoundInternal             :     exinfo->initialseekposition = 2000
[LOG] SystemI::createSoundInternal             :     exinfo->initialseekpostype = 1
[LOG] SystemI::createSoundInternal             :     Stream 0/1: name='Fire 1', format=5, channels=2, frequency=48000, lengthbytes=157888, lengthpcm=696000, pcmblocksize=0, loopstart=0, loopend=0, mode=0x00000000, channelmask=0x00000000, channelorder=0, peakvolume=0.315216.
[LOG] AsyncThread::threadFunc                  : Finished Asynchronous operation on sound 0x37d7c9858
[LOG] SoundI::release                          : Fire 1 (0x37e39e9c8)
[LOG] SoundI::release                          :     Fire 1 (0x2d9134ad8)
[LOG] SoundI::release                          :     Fire 1 (0x2d9134c68)
[LOG] SoundI::release                          :  (0x387209b88)
[LOG] SoundI::release                          :     Collect Mega Laser Charge (0x38720e918)
[LOG] SoundI::release                          :  (0x2d91bd8c8)
[LOG] SoundI::release                          :     Building Debris 1 - Trimmed (0x2d91bda38)
[LOG] SoundI::release                          :  (0x2d91b38b8)
[LOG] SoundI::release                          :     Building Debris 2 - Trimmed (0x2d91b3a28)
[LOG] SoundI::release                          :  (0x2d91b4f98)
[LOG] SoundI::release                          :     Building Explosion 1 (0x2d91b5108)
[LOG] SoundI::release                          :  (0x2d91b5d58)
[LOG] SoundI::release                          :     Building Explosion 2 (0x2d91b47e8)
[LOG] SoundI::release                          :  (0x2d91bedd8)
[LOG] SoundI::release                          :     Building Explosion 3 (0x2d91bd5a8)
[LOG] SoundI::release                          : Deflected Missile Explosion 2.wav (0x2c35e77b8)
[LOG] SoundI::release                          : Deflected Missile Explosion 4.wav (0x2c35da478)
[LOG] SoundI::release                          : Deflected Missile Explosion 1.wav (0x3872fd4e8)
[LOG] SoundI::release                          : Deflected Missile Explosion 3.wav (0x2d9ac8ff8)
[LOG] SoundI::release                          :  (0x2d91b2f98)
[LOG] SoundI::release                          :     Building Explosion 4 (0x2d91b3108)
[LOG] SoundI::release                          :  (0x2d91bc688)
[LOG] SoundI::release                          :     Building Explosion 5 (0x2d91bae68)
[LOG] SoundI::release                          :  (0x2d91b5428)
[LOG] SoundI::release                          :     Building Explosion 6 (0x2d91b5598)
[LOG] SoundI::release                          :  (0x2d91c7a78)
[LOG] SoundI::release                          :     Missile Impact Explosion 1 (0x2d91beab8)
[LOG] SoundI::release                          :  (0x2d91b95f8)
[LOG] SoundI::release                          :     Missile Impact Explosion 2 (0x2d91b8268)
[LOG] SoundI::release                          :  (0x2d91bcf68)
[LOG] SoundI::release                          :     Missile Impact Explosion 3 (0x2d91bd0d8)
[LOG] SoundI::release                          :  (0x2d91b3428)
[LOG] SoundI::release                          :     Missile Impact Explosion 4 (0x2d91b3598)
[LOG] SoundI::release                          :  (0x2d91e8f28)
[LOG] SoundI::release                          :     Drums.Transition1 (0x2d91c03a8)
[LOG] SoundI::release                          : City Missile Launch_Blast.wav (0x2c350d2a8)
[LOG] SoundI::release                          : City Missile Launch_Shell.wav (0x3872fd7f8)
[LOG] SoundI::release                          :  (0x2d91de118)
[LOG] SoundI::release                          :     LeadGuitar.Transition1 (0x2d91e98b8)
[LOG] SoundI::release                          :  (0x2d91e9098)
[LOG] SoundI::release                          :     SFX.Transition1 (0x2d91c06c8)
[LOG] SoundI::release                          :  (0x2d91e9a48)
[LOG] SoundI::release                          :     Synth.Transition1 (0x2d91c2708)
[LOG] SoundI::release                          :  (0x2d91b86d8)
[LOG] SoundI::release                          :     Force Field Activation_1 (0x2d91b8848)
[LOG] SoundI::release                          :  (0x2d91b8ff8)
[LOG] SoundI::release                          :     Force Field Activation_2 (0x2d91b9168)
[LOG] SoundI::release                          :  (0x2d91bb618)
[LOG] SoundI::release                          :     Force Field Activation_3 (0x2d91bb788)
[LOG] SoundI::release                          :  (0x2d91b58c8)
[LOG] SoundI::release                          :     UFO Missile_Blast - Trimmed (0x2d91b5a38)
[LOG] SoundI::release                          : City Missile Flight_Rumble (0x387031b98)
[LOG] SoundI::release                          :     City Missile Flight_Rumble (0x2d9a460a8)
[LOG] SoundI::release                          :     City Missile Flight_Rumble (0x2d9a46308)
[LOG] SoundI::release                          : City Missile Flight_Dirt (0x38702fe18)
[LOG] SoundI::release                          :     City Missile Flight_Dirt (0x2d9aac4d8)
[LOG] SoundI::release                          :     City Missile Flight_Dirt (0x2d9aac9f8)
[LOG] SoundI::release                          : Drums.Module1 (0x2cb91ca48)
[LOG] SoundI::release                          :     Drums.Module1 (0x2d9a75188)
[LOG] SoundI::release                          :     Drums.Module1 (0x2d9a75318)
[LOG] SoundI::release                          : Bass.Module1 (0x2cb999408)
[LOG] SoundI::release                          :     Bass.Module1 (0x2d9a77758)
[LOG] SoundI::release                          :     Bass.Module1 (0x2d9a34568)
[LOG] SoundI::release                          : Drums.Module1 (0x2c35ca8d8)
[LOG] SoundI::release                          :     Drums.Module1 (0x2d9ab15c8)
[LOG] SoundI::release                          :     Drums.Module1 (0x2d9aae5e8)
[LOG] SoundI::release                          : Bass.Module1 (0x2c35cb888)
[LOG] SoundI::release                          :     Bass.Module1 (0x2d9ab1fa8)
[LOG] SoundI::release                          :     Bass.Module1 (0x2d9ab2138)
[LOG] SoundI::release                          : Fire 1 (0x3872d2d28)
[LOG] SoundI::release                          :     Fire 1 (0x37d7aadd8)
[LOG] SoundI::release                          :     Fire 1 (0x37d7aaf68)
[LOG] SoundI::release                          : Fire 1 (0x37d7c9858)
[LOG] SoundI::release                          :     Fire 1 (0x2d9a14758)
[LOG] SoundI::release                          :     Fire 1 (0x2d9a148e8)
[LOG] SoundI::release                          : Hum (0x333a23678)
[LOG] SoundI::release                          :     Hum (0x2d9ae4048)
[LOG] SoundI::release                          :     Hum (0x2d9a61888)
[LOG] SoundI::release                          : UFO Hover_Rumble (0x333aaa9f8)
[LOG] SoundI::release                          :     UFO Hover_Rumble (0x2d9a82718)
[LOG] SoundI::release                          :     UFO Hover_Rumble (0x2d9a89998)
[LOG] SoundI::release                          : UFO Hover_Howl (0x16fa5b318)
[LOG] SoundI::release                          :     UFO Hover_Howl (0x2d9a6e738)
[LOG] SoundI::release                          :     UFO Hover_Howl (0x2d9a897f8)
[LOG] SoundI::release                          : UFO Hover_Howl (0x16fa695a8)
[LOG] SoundI::release                          :     UFO Hover_Howl (0x2c2eb9b68)
[LOG] SoundI::release                          :     UFO Hover_Howl (0x2c2eb9cf8)
[LOG] SoundI::release                          :  (0x2d91c88c8)
[LOG] SoundI::release                          :     UFO Missile_Laser 1 - Trimmed (0x2d91c7758)
[LOG] SoundI::release                          :  (0x2d91b8b68)
[LOG] SoundI::release                          :     UFO Missile_Laser 2 - Trimmed (0x2d91b8cd8)
[LOG] SoundI::release                          :  (0x2d91c0ab8)
[LOG] SoundI::release                          :     UFO Missile_Laser 3 - Trimmed (0x2d91c0c28)
[LOG] SoundI::release                          :  (0x2d91b9488)
[LOG] SoundI::release                          :     UFO Damage 8 (0x2d91b7f48)
[LOG] SoundI::release                          :  (0x2d91b2b08)
[LOG] SoundI::release                          :     UFO Damage 4 (0x2d91b2c78)
[LOG] SoundI::release                          :  (0x2d91bb188)
[LOG] SoundI::release                          :     UFO Damage 7 (0x2d91bb2f8)
[LOG] SoundI::release                          :  (0x2d91b4b08)
[LOG] SoundI::release                          :     UFO Damage 3 (0x2d91b4c78)
[LOG] SoundI::release                          :  (0x2d91bd3f8)
[LOG] SoundI::release                          :     UFO Damage 2 (0x2d91bbed8)
[LOG] SoundI::release                          :  (0x2d91bc1f8)
[LOG] SoundI::release                          :     UFO Damage 1 (0x2d91bc368)
[LOG] SoundI::release                          :  (0x2d91b5728)
[LOG] SoundI::release                          :     UFO Damage 5 (0x2d91b4498)
[LOG] SoundI::release                          :  (0x2d91c8438)
[LOG] SoundI::release                          :     UFO Damage 6 (0x2d91c85a8)
[LOG] Thread::callback                         : FMOD Studio update thread finished.
[LOG] Thread::callback                         : FMOD Studio bank load thread finished.
[LOG] ProfileClient::markForDead               : Closing client connection
[ERR] FMOD_OS_Net_Read                         : read failed with errno 9
[ERR] ProfileClient::recvThreadLoopFunction    : Recv thread loop returned 43
[LOG] Profile::disconnectAll                   : Profiler disconnecting all clients
[LOG] Thread::callback                         : FMOD profiler thread (recv) finished.
[LOG] Thread::callback                         : FMOD profiler thread (send) finished.
[LOG] Thread::callback                         : FMOD Studio sample load thread finished.
[LOG] LiveUpdate::release                      : 
[LOG] LiveUpdate::reset                        : Reset connection (reason Disconnected)
[LOG] Thread::callback                         : FMOD stream thread finished.
[LOG] Thread::callback                         : FMOD mixer thread finished.
[LOG] Profile::disconnectAll                   : Profiler disconnecting all clients
[LOG] SystemI::close                           : Closed.
[LOG] Manager::readBank                        : fileversion = 142, compatVersion = 140 (oldest = 44, newest = 142)
[LOG] Manager::readBank                        : fileversion = 142, compatVersion = 140 (oldest = 44, newest = 142)
[LOG] Manager::readBank                        : fileversion = 142, compatVersion = 140 (oldest = 44, newest = 142)
[LOG] PlaybackSystem::acquireMasterBus         : Setting master channel group format to 6
[LOG] Manager::readBank                        : fileversion = 142, compatVersion = 140 (oldest = 44, newest = 142)
[LOG] Manager::readBank                        : fileversion = 142, compatVersion = 140 (oldest = 44, newest = 142)
[LOG] Manager::readBank                        : fileversion = 142, compatVersion = 140 (oldest = 44, newest = 142)
[LOG] PlaybackSystem::acquireMasterBus         : Setting master channel group format to 6
[LOG] Manager::readBank                        : fileversion = 142, compatVersion = 140 (oldest = 44, newest = 142)
[LOG] Manager::readBank                        : fileversion = 142, compatVersion = 140 (oldest = 44, newest = 142)
[ERR] assert                                   : assertion: 'gSystemInitCount == 0' failed
